RUN size=100 repeat=1 strategy=row_commit_each wall_ms=253.536 success=True
RUN size=100 repeat=1 strategy=row_add_one_transaction wall_ms=114.371 success=True
RUN size=100 repeat=1 strategy=orm_add_all wall_ms=126.623 success=True
RUN size=100 repeat=1 strategy=core_executemany wall_ms=92.437 success=True
RUN size=100 repeat=1 strategy=core_upsert_batched wall_ms=114.293 success=True
RUN size=100 repeat=1 strategy=copy_records wall_ms=100.012 success=True
RUN size=100 repeat=1 strategy=repository_save_passages wall_ms=422.717 success=True
RUN size=100 repeat=1 strategy=vector_executemany wall_ms=83.477 success=True
RUN size=100 repeat=1 strategy=core_upsert_batched_reingest wall_ms=106.002 success=True
RUN size=100 repeat=1 strategy=repository_save_passages_reingest wall_ms=519.998 success=True
RUN size=100 repeat=2 strategy=row_add_one_transaction wall_ms=112.298 success=True
RUN size=100 repeat=2 strategy=orm_add_all wall_ms=109.155 success=True
RUN size=100 repeat=2 strategy=core_executemany wall_ms=112.775 success=True
RUN size=100 repeat=2 strategy=core_upsert_batched wall_ms=106.923 success=True
RUN size=100 repeat=2 strategy=copy_records wall_ms=83.497 success=True
RUN size=100 repeat=2 strategy=repository_save_passages wall_ms=293.634 success=True
RUN size=100 repeat=2 strategy=vector_executemany wall_ms=75.684 success=True
RUN size=100 repeat=2 strategy=core_upsert_batched_reingest wall_ms=117.969 success=True
RUN size=100 repeat=2 strategy=repository_save_passages_reingest wall_ms=609.010 success=True
RUN size=100 repeat=2 strategy=row_commit_each wall_ms=261.746 success=True
RUN size=100 repeat=3 strategy=orm_add_all wall_ms=122.502 success=True
RUN size=100 repeat=3 strategy=core_executemany wall_ms=110.730 success=True
RUN size=100 repeat=3 strategy=core_upsert_batched wall_ms=107.559 success=True
RUN size=100 repeat=3 strategy=copy_records wall_ms=111.848 success=True
RUN size=100 repeat=3 strategy=repository_save_passages wall_ms=491.194 success=True
RUN size=100 repeat=3 strategy=vector_executemany wall_ms=76.235 success=True
RUN size=100 repeat=3 strategy=core_upsert_batched_reingest wall_ms=101.267 success=True
RUN size=100 repeat=3 strategy=repository_save_passages_reingest wall_ms=627.294 success=True
RUN size=100 repeat=3 strategy=row_commit_each wall_ms=190.695 success=True
RUN size=100 repeat=3 strategy=row_add_one_transaction wall_ms=88.583 success=True
RUN size=100 repeat=4 strategy=core_executemany wall_ms=96.118 success=True
RUN size=100 repeat=4 strategy=core_upsert_batched wall_ms=97.711 success=True
RUN size=100 repeat=4 strategy=copy_records wall_ms=92.245 success=True
RUN size=100 repeat=4 strategy=repository_save_passages wall_ms=294.557 success=True
RUN size=100 repeat=4 strategy=vector_executemany wall_ms=76.172 success=True
RUN size=100 repeat=4 strategy=core_upsert_batched_reingest wall_ms=141.923 success=True
RUN size=100 repeat=4 strategy=repository_save_passages_reingest wall_ms=354.458 success=True
RUN size=100 repeat=4 strategy=row_commit_each wall_ms=194.476 success=True
RUN size=100 repeat=4 strategy=row_add_one_transaction wall_ms=89.779 success=True
RUN size=100 repeat=4 strategy=orm_add_all wall_ms=102.512 success=True
RUN size=100 repeat=5 strategy=core_upsert_batched wall_ms=99.313 success=True
RUN size=100 repeat=5 strategy=copy_records wall_ms=91.544 success=True
RUN size=100 repeat=5 strategy=repository_save_passages wall_ms=509.683 success=True
RUN size=100 repeat=5 strategy=vector_executemany wall_ms=92.717 success=True
RUN size=100 repeat=5 strategy=core_upsert_batched_reingest wall_ms=115.173 success=True
RUN size=100 repeat=5 strategy=repository_save_passages_reingest wall_ms=655.172 success=True
RUN size=100 repeat=5 strategy=row_commit_each wall_ms=243.788 success=True
RUN size=100 repeat=5 strategy=row_add_one_transaction wall_ms=108.626 success=True
RUN size=100 repeat=5 strategy=orm_add_all wall_ms=113.049 success=True
RUN size=100 repeat=5 strategy=core_executemany wall_ms=112.180 success=True
RUN size=100 repeat=6 strategy=copy_records wall_ms=110.279 success=True
RUN size=100 repeat=6 strategy=repository_save_passages wall_ms=497.059 success=True
RUN size=100 repeat=6 strategy=vector_executemany wall_ms=95.611 success=True
RUN size=100 repeat=6 strategy=core_upsert_batched_reingest wall_ms=117.422 success=True
RUN size=100 repeat=6 strategy=repository_save_passages_reingest wall_ms=646.766 success=True
RUN size=100 repeat=6 strategy=row_commit_each wall_ms=257.563 success=True
RUN size=100 repeat=6 strategy=row_add_one_transaction wall_ms=113.766 success=True
RUN size=100 repeat=6 strategy=orm_add_all wall_ms=122.176 success=True
RUN size=100 repeat=6 strategy=core_executemany wall_ms=115.055 success=True
RUN size=100 repeat=6 strategy=core_upsert_batched wall_ms=102.008 success=True
RUN size=100 repeat=7 strategy=repository_save_passages wall_ms=500.514 success=True
RUN size=100 repeat=7 strategy=vector_executemany wall_ms=82.496 success=True
RUN size=100 repeat=7 strategy=core_upsert_batched_reingest wall_ms=114.229 success=True
RUN size=100 repeat=7 strategy=repository_save_passages_reingest wall_ms=606.544 success=True
RUN size=100 repeat=7 strategy=row_commit_each wall_ms=264.915 success=True
RUN size=100 repeat=7 strategy=row_add_one_transaction wall_ms=122.038 success=True
RUN size=100 repeat=7 strategy=orm_add_all wall_ms=114.347 success=True
RUN size=100 repeat=7 strategy=core_executemany wall_ms=112.859 success=True
RUN size=100 repeat=7 strategy=core_upsert_batched wall_ms=116.353 success=True
RUN size=100 repeat=7 strategy=copy_records wall_ms=101.578 success=True
RUN size=1000 repeat=1 strategy=row_commit_each wall_ms=2322.932 success=True
RUN size=1000 repeat=1 strategy=row_add_one_transaction wall_ms=868.670 success=True
RUN size=1000 repeat=1 strategy=orm_add_all wall_ms=869.045 success=True
RUN size=1000 repeat=1 strategy=core_executemany wall_ms=784.437 success=True
RUN size=1000 repeat=1 strategy=core_upsert_batched wall_ms=792.243 success=True
RUN size=1000 repeat=1 strategy=copy_records wall_ms=766.097 success=True
RUN size=1000 repeat=1 strategy=repository_save_passages wall_ms=3949.653 success=True
RUN size=1000 repeat=1 strategy=vector_executemany wall_ms=591.008 success=True
RUN size=1000 repeat=1 strategy=core_upsert_batched_reingest wall_ms=909.071 success=True
RUN size=1000 repeat=1 strategy=repository_save_passages_reingest wall_ms=3907.152 success=True
RUN size=1000 repeat=2 strategy=row_add_one_transaction wall_ms=822.000 success=True
RUN size=1000 repeat=2 strategy=orm_add_all wall_ms=825.130 success=True
RUN size=1000 repeat=2 strategy=core_executemany wall_ms=772.868 success=True
RUN size=1000 repeat=2 strategy=core_upsert_batched wall_ms=800.460 success=True
RUN size=1000 repeat=2 strategy=copy_records wall_ms=754.953 success=True
RUN size=1000 repeat=2 strategy=repository_save_passages wall_ms=5081.664 success=True
RUN size=1000 repeat=2 strategy=vector_executemany wall_ms=590.698 success=True
RUN size=1000 repeat=2 strategy=core_upsert_batched_reingest wall_ms=828.353 success=True
RUN size=1000 repeat=2 strategy=repository_save_passages_reingest wall_ms=6241.679 success=True
RUN size=1000 repeat=2 strategy=row_commit_each wall_ms=2380.706 success=True
RUN size=1000 repeat=3 strategy=orm_add_all wall_ms=867.950 success=True
RUN size=1000 repeat=3 strategy=core_executemany wall_ms=785.816 success=True
RUN size=1000 repeat=3 strategy=core_upsert_batched wall_ms=793.479 success=True
RUN size=1000 repeat=3 strategy=copy_records wall_ms=756.179 success=True
RUN size=1000 repeat=3 strategy=repository_save_passages wall_ms=5192.719 success=True
RUN size=1000 repeat=3 strategy=vector_executemany wall_ms=588.236 success=True
RUN size=1000 repeat=3 strategy=core_upsert_batched_reingest wall_ms=836.881 success=True
RUN size=1000 repeat=3 strategy=repository_save_passages_reingest wall_ms=5904.791 success=True
RUN size=1000 repeat=3 strategy=row_commit_each wall_ms=2472.628 success=True
RUN size=1000 repeat=3 strategy=row_add_one_transaction wall_ms=923.308 success=True
RUN size=1000 repeat=4 strategy=core_executemany wall_ms=769.579 success=True
RUN size=1000 repeat=4 strategy=core_upsert_batched wall_ms=779.794 success=True
RUN size=1000 repeat=4 strategy=copy_records wall_ms=736.133 success=True
